[INFO] Scanning for projects...
[INFO] 
[INFO] ------------------< com.agrivalue:agri-value-backend >------------------
[INFO] Building agri-value-backend 0.0.1-SNAPSHOT
[INFO]   from pom.xml
[INFO] --------------------------------[ jar ]---------------------------------
[INFO] 
[INFO] --- resources:3.3.1:resources (default-resources) @ agri-value-backend ---
[INFO] Copying 1 resource from src\main\resources to target\classes
[INFO] Copying 0 resource from src\main\resources to target\classes
[INFO] 
[INFO] --- compiler:3.11.0:compile (default-compile) @ agri-value-backend ---
[INFO] Nothing to compile - all classes are up to date
[INFO] ------------------------------------------------------------------------
[INFO] BUILD SUCCESS
[INFO] ------------------------------------------------------------------------
[INFO] Total time:  2.526 s
[INFO] Finished at: 2026-04-27T19:29:29+05:30
[INFO] ------------------------------------------------------------------------
